// Jest Snapshot v1, https://goo.gl/fbAQLP

exports[`should test AdminFooter component 1`] = `
<footer
  className="footer"
>
  <Row
    className="align-items-center justify-content-xl-between"
    tag="div"
    widths={
      Array [
        "xs",
        "sm",
        "md",
        "lg",
        "xl",
      ]
    }
  >
    <Col
      tag="div"
      widths={
        Array [
          "xs",
          "sm",
          "md",
          "lg",
          "xl",
        ]
      }
      xl="6"
    >
      <div
        className="copyright text-center text-xl-left text-muted"
      >
        Â© 
        2023
         
        <a
          className="font-weight-bold ml-1"
          href="#"
          rel="noopener noreferrer"
          target="_blank"
        >
          Green Team
        </a>
      </div>
    </Col>
  </Row>
</footer>
`;
